=== スクレーピング開始 ===
ランキング取得中...
ランキング取得完了: 12件
処理中: 05031657530 (ワンギリ)
  コメント取得: 05031657530 p=1
  コメント取得: 05031657530 p=2
  コメント取得: 05031657530 p=3
  コメント300件取得
  API送信: {"status":"success","inserted":4,"skipped":296}
処理中: 0120197319 (株式会社グリーン・シップ【Green Ship Co., Ltd.】)
  コメント取得: 0120197319 p=1
エラー: page.evaluate: Target crashed 
    at fetchComments (C:\dev\sagiden-search\scraper\scrape_jpnumber.js:72:37)
    at async main (C:\dev\sagiden-search\scraper\scrape_jpnumber.js:125:24) {
  name: 'Error'
}
=== スクレーピング完了 ===

--- AI要約パイプライン開始 ---
=== AI要約パイプライン開始 ===
1件を処理します
処理中: 05031335964（コメント44件）
  危険度: S
  要約: 光回線関連の事業者や代理店を名乗り、料金一本化や契約更新を装って個人情報や契約内容を聞き出そうとする手口が多数報告されて...
  保存: success
=== AI要約パイプライン完了 ===
=== AI要約パイプライン開始 ===
要約待ちの番号はありません
